// Jest Snapshot v1, https://goo.gl/fbAQLP

exports[`Controls renders without crashing 1`] = `
ShallowWrapper {
  Symbol(enzyme.__root__): [Circular],
  Symbol(enzyme.__unrendered__): <Unknown
    clearSearch={[Function]}
    isLoading={false}
  />,
  Symbol(enzyme.__renderer__): Object {
    "batchedUpdates": [Function],
    "checkPropTypes": [Function],
    "getNode": [Function],
    "render": [Function],
    "simulateError": [Function],
    "simulateEvent": [Function],
    "unmount": [Function],
  },
  Symbol(enzyme.__node__): Object {
    "instance": null,
    "key": undefined,
    "nodeType": "host",
    "props": Object {
      "children": <UNDEFINED
        disabled={false}
        onClick={[Function]}
        style={
          Object {
            "marginLeft": 10,
          }
        }
        value="Clear"
      >
        Clear
      </UNDEFINED>,
    },
    "ref": null,
    "rendered": Object {
      "instance": null,
      "key": undefined,
      "nodeType": "function",
      "props": Object {
        "children": "Clear",
        "disabled": false,
        "onClick": [Function],
        "style": Object {
          "marginLeft": 10,
        },
        "value": "Clear",
      },
      "ref": null,
      "rendered": "Clear",
      "type": Object {
        "$$typeof": Symbol(react.forward_ref),
        "attrs": Array [],
        "componentStyle": e {
          "baseHash": 1014106698,
          "baseStyle": undefined,
          "componentId": "sc-bdfBwQ",
          "isStatic": false,
          "rules": Array [
            "
    background: ",
            "#2993C8",
            ";
    border-radius: 4px;
    border: 1px solid ",
            "#2993C8",
            ";
    color: white;
    font-family: ",
            "hind",
            "
    font-size: 1em;
    font-weight: ",
            "600",
            "
    margin: 0.5em 1em;
    padding 0.5em 1em;
    text-transform: uppercase;
",
          ],
          "staticRulesId": "",
        },
        "foldedComponentIds": Array [],
        "render": [Function],
        "shouldForwardProp": undefined,
        "styledComponentId": "sc-bdfBwQ",
        "target": "button",
        "toString": [Function],
        "warnTooManyClasses": [Function],
        "withComponent": [Function],
      },
    },
    "type": "div",
  },
  Symbol(enzyme.__nodes__): Array [
    Object {
      "instance": null,
      "key": undefined,
      "nodeType": "host",
      "props": Object {
        "children": <UNDEFINED
          disabled={false}
          onClick={[Function]}
          style={
            Object {
              "marginLeft": 10,
            }
          }
          value="Clear"
        >
          Clear
        </UNDEFINED>,
      },
      "ref": null,
      "rendered": Object {
        "instance": null,
        "key": undefined,
        "nodeType": "function",
        "props": Object {
          "children": "Clear",
          "disabled": false,
          "onClick": [Function],
          "style": Object {
            "marginLeft": 10,
          },
          "value": "Clear",
        },
        "ref": null,
        "rendered": "Clear",
        "type": Object {
          "$$typeof": Symbol(react.forward_ref),
          "attrs": Array [],
          "componentStyle": e {
            "baseHash": 1014106698,
            "baseStyle": undefined,
            "componentId": "sc-bdfBwQ",
            "isStatic": false,
            "rules": Array [
              "
    background: ",
              "#2993C8",
              ";
    border-radius: 4px;
    border: 1px solid ",
              "#2993C8",
              ";
    color: white;
    font-family: ",
              "hind",
              "
    font-size: 1em;
    font-weight: ",
              "600",
              "
    margin: 0.5em 1em;
    padding 0.5em 1em;
    text-transform: uppercase;
",
            ],
            "staticRulesId": "",
          },
          "foldedComponentIds": Array [],
          "render": [Function],
          "shouldForwardProp": undefined,
          "styledComponentId": "sc-bdfBwQ",
          "target": "button",
          "toString": [Function],
          "warnTooManyClasses": [Function],
          "withComponent": [Function],
        },
      },
      "type": "div",
    },
  ],
  Symbol(enzyme.__options__): Object {
    "adapter": ReactSixteenAdapter {
      "options": Object {
        "enableComponentDidUpdateOnSetState": true,
        "legacyContextMode": "parent",
        "lifecycles": Object {
          "componentDidUpdate": Object {
            "onSetState": true,
          },
          "getChildContext": Object {
            "calledByRenderer": false,
          },
          "getDerivedStateFromError": true,
          "getDerivedStateFromProps": Object {
            "hasShouldComponentUpdateBug": false,
          },
          "getSnapshotBeforeUpdate": true,
          "setState": Object {
            "skipsComponentDidUpdateOnNullish": true,
          },
        },
      },
    },
    Symbol(enzyme.__providerValues__): undefined,
  },
  Symbol(enzyme.__providerValues__): Map {},
}
`;
